// Jest Snapshot v1, https://goo.gl/fbAQLP

exports[`Home screen test Snapshot test renders correctly 1`] = `
<View
  style={
    Object {
      "backgroundColor": "#fff",
      "flex": 1,
      "flexDirection": "column",
      "marginTop": 20,
    }
  }
>
  <View
    style={
      Object {
        "alignItems": "center",
        "flex": 3,
        "textAlign": "left",
      }
    }
  >
    <View
      accessible={true}
      isTVSelectable={true}
      onResponderGrant={[Function]}
      onResponderMove={[Function]}
      onResponderRelease={[Function]}
      onResponderTerminate={[Function]}
      onResponderTerminationRequest={[Function]}
      onStartShouldSetResponder={[Function]}
      style={
        Object {
          "backgroundColor": "#0d6f73",
          "height": 60,
          "opacity": 1,
          "paddingLeft": 10,
          "textAlign": "left",
          "width": "100%",
        }
      }
    >
      <Text
        style={
          Object {
            "color": "#fff",
            "fontSize": 30,
            "paddingRight": 10,
            "paddingTop": 8,
            "textAlign": "left",
          }
        }
      >
        Hjälp
      </Text>
    </View>
    <View
      style={
        Object {
          "paddingTop": 1,
          "width": "100%",
        }
      }
    >
      <View
        accessible={true}
        isTVSelectable={true}
        onResponderGrant={[Function]}
        onResponderMove={[Function]}
        onResponderRelease={[Function]}
        onResponderTerminate={[Function]}
        onResponderTerminationRequest={[Function]}
        onStartShouldSetResponder={[Function]}
        style={
          Object {
            "backgroundColor": "#0d6f73",
            "height": 60,
            "opacity": 1,
            "paddingLeft": 10,
            "textAlign": "left",
            "width": "100%",
          }
        }
      >
        <Text
          style={
            Object {
              "color": "#fff",
              "fontSize": 30,
              "paddingRight": 10,
              "paddingTop": 8,
              "textAlign": "left",
            }
          }
        >
          Inställningar
        </Text>
      </View>
    </View>
  </View>
  <View
    style={
      Object {
        "alignItems": "center",
        "flex": 6,
      }
    }
  >
    <Text
      style={
        Object {
          "alignSelf": "center",
          "fontSize": 18,
        }
      }
    >
      VILOLÄGET ÄR AV
    </Text>
    <View
      style={
        Object {
          "alignItems": "center",
          "borderRadius": 1000,
          "borderStyle": "solid",
          "borderWidth": 2,
          "flexDirection": "column",
          "height": 280,
          "justifyContent": "center",
          "textAlign": "center",
          "textAlignVertical": "center",
          "width": 280,
        }
      }
    >
      <Text
        callback={[Function]}
        onPress={[Function]}
        onReset={[Function]}
        paused={false}
        startTime={3600000}
        style={
          Object {
            "display": "flex",
            "fontSize": 64,
          }
        }
        warningCallback={[Function]}
        warningTime={1800000}
      >
        1:00:00
      </Text>
      <Text
        style={
          Object {
            "borderWidth": 0,
            "display": "flex",
            "fontSize": 12,
          }
        }
      >
        Tryck för att starta om
      </Text>
    </View>
    <View
      style={
        Object {
          "alignItems": "flex-end",
        }
      }
    >
      <View
        accessible={true}
        isTVSelectable={true}
        onResponderGrant={[Function]}
        onResponderMove={[Function]}
        onResponderRelease={[Function]}
        onResponderTerminate={[Function]}
        onResponderTerminationRequest={[Function]}
        onStartShouldSetResponder={[Function]}
        style={
          Object {
            "height": 90,
            "opacity": 1,
            "width": 90,
          }
        }
      >
        <Image
          source={1}
        />
      </View>
    </View>
  </View>
</View>
`;
