// Jest Snapshot v1, https://goo.gl/fbAQLP

exports[`Setting Screen tests Snapshot test renders correctly 1`] = `
<View
  style={
    Object {
      "backgroundColor": "#fff",
      "flex": 1,
      "marginTop": 20,
    }
  }
>
  <View
    accessible={true}
    isTVSelectable={true}
    onResponderGrant={[Function]}
    onResponderMove={[Function]}
    onResponderRelease={[Function]}
    onResponderTerminate={[Function]}
    onResponderTerminationRequest={[Function]}
    onStartShouldSetResponder={[Function]}
    style={
      Object {
        "backgroundColor": "#0d6f73",
        "height": 60,
        "opacity": 1,
        "width": "100%",
      }
    }
  >
    <Text
      style={
        Object {
          "color": "#fff",
          "fontSize": 30,
          "paddingRight": 10,
          "paddingTop": 8,
          "textAlign": "left",
        }
      }
    >
      Tillbaka
    </Text>
  </View>
</View>
`;

exports[`Wizard Verify Contact Screen tests Snapshot test renders correctly 1`] = `
<View
  style={
    Object {
      "alignItems": "center",
      "backgroundColor": "#fff",
      "flex": 1,
      "justifyContent": "center",
    }
  }
>
  <Text>
    Settings Screen
  </Text>
</View>
`;
