// Jest Snapshot v1, https://goo.gl/fbAQLP

exports[`Wizard Setting Screen tests Snapshot test renders correctly 1`] = `
<View
  style={
    Object {
      "backgroundColor": "#fff",
      "flex": 1,
    }
  }
>
  <Text
    style={
      Object {
        "flex": 1,
        "fontSize": 35,
        "justifyContent": "flex-start",
        "left": 10,
        "marginTop": 50,
      }
    }
  >
    Wizard Settings Screen.
  </Text>
  <View
    style={
      Object {
        "flex": 1,
        "justifyContent": "flex-end",
      }
    }
  >
    <View
      accessible={true}
      isTVSelectable={true}
      onResponderGrant={[Function]}
      onResponderMove={[Function]}
      onResponderRelease={[Function]}
      onResponderTerminate={[Function]}
      onResponderTerminationRequest={[Function]}
      onStartShouldSetResponder={[Function]}
      style={
        Object {
          "backgroundColor": "#0d6f73",
          "height": 60,
          "opacity": 1,
          "textAlign": "right",
          "width": "100%",
        }
      }
    >
      <Text
        style={
          Object {
            "color": "#fff",
            "fontSize": 30,
            "paddingRight": 10,
            "paddingTop": 8,
          }
        }
      >
        Next
      </Text>
    </View>
  </View>
</View>
`;
