// Jest Snapshot v1, https://goo.gl/fbAQLP

exports[`App snapshot renders the loading screen 1`] = `null`;

exports[`App snapshot renders the root without loading screen 1`] = `
<View
  style={
    Object {
      "backgroundColor": "#fff",
      "flex": 1,
    }
  }
>
  <View
    style={
      Object {
        "backgroundColor": "#fff",
        "flex": 1,
      }
    }
  >
    <Text
      style={
        Object {
          "flex": 1,
          "fontSize": 35,
          "justifyContent": "flex-start",
          "left": 10,
          "marginTop": 50,
        }
      }
    >
      Wizard Welcome Screen.
    </Text>
    <Text
      style={
        Object {
          "fontSize": 20,
          "marginBottom": 50,
          "paddingLeft": 10,
        }
      }
    >
       
      Lorem ipsum dolor sit amet, consectetur adipiscing elit, sed do eiusmod tempor incididunt ut labore et dolore magna aliqua. Ut enim ad minim veniam, quis nostrud exercitation ullamco laboris nisi ut aliquip ex ea commodo consequat. Duis aute irure dolor in reprehenderit in voluptate velit esse cillum dolore eu fugiat nulla pariatur. Excepteur sint occaecat cupidatat non proident, sunt in culpa qui officia deserunt mollit anim id est laborum.
    </Text>
    <View
      style={
        Object {
          "flex": 1,
          "justifyContent": "flex-end",
        }
      }
    >
      <View
        accessible={true}
        isTVSelectable={true}
        onResponderGrant={[Function]}
        onResponderMove={[Function]}
        onResponderRelease={[Function]}
        onResponderTerminate={[Function]}
        onResponderTerminationRequest={[Function]}
        onStartShouldSetResponder={[Function]}
        style={
          Object {
            "backgroundColor": "#0d6f73",
            "height": 60,
            "opacity": 1,
            "width": "100%",
          }
        }
      >
        <Text
          style={
            Object {
              "color": "#fff",
              "fontSize": 30,
              "paddingRight": 10,
              "paddingTop": 8,
              "textAlign": "right",
            }
          }
        >
          Next
        </Text>
      </View>
    </View>
  </View>
</View>
`;

