// Jest Snapshot v1, https://goo.gl/fbAQLP

exports[`Timer Test Timer Snapshot Renders correctly 1`] = `
<View
  accessible={true}
  isTVSelectable={true}
  onResponderGrant={[Function]}
  onResponderMove={[Function]}
  onResponderRelease={[Function]}
  onResponderTerminate={[Function]}
  onResponderTerminationRequest={[Function]}
  onStartShouldSetResponder={[Function]}
  style={
    Object {
      "height": 90,
      "opacity": 1,
      "width": 90,
    }
  }
>
  <Image
    source={1}
  />
</View>
`;
